nohup: Eingabe wird ignoriert
301 Dateien, 4.93 GB
     1/301  VitaPad                            0.1 MB
     2/301  Dzzee                              0.1 MB
     3/301  Whitelister                        0.1 MB
     4/301  VitaPong                           0.1 MB
     5/301  CardUnlock                         0.1 MB
     6/301  Flash Light                        0.1 MB
     7/301  History Deleter                    0.1 MB
     8/301  Realboy                            0.1 MB
     9/301  HackInformer App                   0.1 MB
    10/301  PSVibe                             0.2 MB
    11/301  vitaAirHockey                      0.2 MB
    12/301  uriCaller                          0.2 MB
    13/301  VITA Net Check                     0.2 MB
    14/301  milieTetris                        0.2 MB
    15/301  Switch SD2Vita                     0.2 MB
    16/301  VITAident GUI                      0.2 MB
    17/301  PSV IDPS Dumper                    0.3 MB
    18/301  TextQuest                          0.3 MB
    19/301  Pickr VITA                         0.3 MB
    20/301  VitaScreenFlasher                  0.3 MB
    21/301  ReLink                             0.3 MB
    22/301  AdvRemap                           0.3 MB
    23/301  Game Shrinker                      0.4 MB
    24/301  GoHAN Parallel                     0.4 MB
    25/301  VitaBrot                           0.4 MB
    26/301  Henkaku Offline Installer          0.4 MB
    27/301  Chicken Launcher                   0.4 MB
    28/301  AntiBlacklist                      0.5 MB
    29/301  Wordle SDL                         0.5 MB
    30/301  RetroLivearea                      0.7 MB
    31/301  Candy Crisis Vita                  0.7 MB
    32/301  Minicraft Vita                     0.7 MB
    33/301  K.E.T.M. Vita                      1.0 MB
    34/301  4Rows                              1.1 MB
    35/301  Abbaye Des Morts Vita              1.1 MB
    36/301  HCL-Vita                           1.1 MB
    37/301  Numpty Physics                     1.2 MB
    38/301  Zik-Zak Vita                       1.2 MB
    39/301  Wipeout Rewrite Vita               1.3 MB
    40/301  meritous                           1.4 MB
    41/301  Neverputt Vita                     1.4 MB
    42/301  Professor Layton: Pandora's Bo     1.5 MB
    43/301  Neverball Vita                     1.5 MB
    44/301  Mighty Mike Vita                   1.5 MB
    45/301  QR Scanner                         1.5 MB
    46/301  jftekwar-vita                      1.5 MB
    47/301  jfblood-vita                       1.5 MB
    48/301  Super Mario World Vita             1.5 MB
    49/301  VitaSudoku                         1.6 MB
    50/301  vitaExhumed                        1.6 MB
    51/301  Nanosaur Vita                      1.6 MB
    52/301  Bugdom 2 Vita                      1.7 MB
    53/301  luaIrc                             1.7 MB
    54/301  OttoMatic Vita                     1.7 MB
    55/301  Billy Frontier Vita                1.8 MB
    56/301  Nanosaur 2 Vita                    1.8 MB
    57/301  Dstroy Vita                        1.8 MB
    58/301  Super Mario All-Stars Vita         1.8 MB
    59/301  Cro-Mag Rally Vita                 1.8 MB
    60/301  Doom64EX                           1.9 MB
    61/301  Prototype Vita                     1.9 MB
    62/301  Beat2x Vita                        1.9 MB
    63/301  EDuke32 Vita                       1.9 MB
    64/301  Doom II RPG Vita                   1.9 MB
    65/301  Zelda3 Vita                        2.0 MB
    66/301  vitaWanted                         2.0 MB
    67/301  Quakespasm-Spiked                  2.0 MB
    68/301  NRedneck Vita                      2.1 MB
    69/301  Dethrace Vita                      2.1 MB
    70/301  Wolfenstein RPG Vita               2.1 MB
    71/301  VitaHangman                        2.1 MB
    72/301  vitaQuake                          2.2 MB
    73/301  FEHLER Vita Object Loader       URL can't contain control characters. '/files
    74/301  SuperMarioWar                      2.2 MB
    75/301  MicroCHIP                          2.3 MB
    76/301  EUCLIOD                            2.3 MB
    77/301  rinCheat SE                        2.5 MB
    78/301  Postal Vita                        2.6 MB
    79/301  jfduke3d-vita                      2.7 MB
    80/301  vitaVoyager                        2.7 MB
    81/301  Flood It!                          3.0 MB
    82/301  vitaHexenII                        3.0 MB
    83/301  AGWOAN                             3.1 MB
    84/301  jfsw-vita                          3.2 MB
    85/301  vita-tetromino                     3.2 MB
    86/301  RigelEngine Vita                   3.3 MB
    87/301  Treasure Chasers                   3.3 MB
    88/301  StarKiller 2D                      3.3 MB
    89/301  AvP Gold                           3.3 MB
    90/301  Flare RPG                          3.4 MB
    91/301  Yardlings Vita                     3.5 MB
    92/301  The Curse of Issyos                3.6 MB
    93/301  Cookie Clicker                     3.6 MB
    94/301  GNU Robbo                          3.7 MB
    95/301  Minit                              3.9 MB
    96/301  OpenSyobon                         4.0 MB
    97/301  EasyRPG Player                     4.0 MB
    98/301  vitaRTCW                           4.0 MB
    99/301  Manga Downloader                   4.1 MB
   100/301  MaiDumpTool                        4.1 MB
   101/301  Grave                              4.2 MB
   102/301  Shark! Shark!                      4.2 MB
   103/301  ufoai-vita                         4.2 MB
   104/301  TheXTech                           4.3 MB
   105/301  Epicki Twój Stary                  4.3 MB
   106/301  MarmaladeBoy_LCD                   4.3 MB
   107/301  Eldritch Vita                      4.3 MB
   108/301  MVPlayer                           4.3 MB
   109/301  Notepad Vita                       1.4 MB
   110/301  ONScripter-Vita                    4.4 MB
   111/301  vitaQuakeIII                       4.4 MB
   112/301  Temporary Space                    4.5 MB
   113/301  Flycast Vita                       4.6 MB
   114/301  Pocket Wonder Sport                4.9 MB
   115/301  Higurashi Vita                     4.9 MB
   116/301  Late Shift Vita                    5.0 MB
   117/301  ZeldaOLB                           5.0 MB
   118/301  PNGLive                            5.0 MB
   119/301  Hideko Vita                        5.0 MB
   120/301  Vita Launcher                      5.0 MB
   121/301  Clonage Bulle ePSP                 5.1 MB
   122/301  REDRIVER2                          5.2 MB
   123/301  Freegemas                          5.3 MB
   124/301  chro.mono 2                        5.3 MB
   125/301  vitaQuakeII                        5.4 MB
   126/301  vOpenTyrian                        5.5 MB
   127/301  Bernard Chronicles                 5.7 MB
   128/301  Crab Island                        5.8 MB
   129/301  Starfield Vita                     5.8 MB
   130/301  Zombiebound                        5.8 MB
   131/301  BlockOut II                        5.8 MB
   132/301  Prince Of Persia                   0.3 MB
   133/301  King of Machines                   6.0 MB
   134/301  Super Hero Chronicles              6.0 MB
   135/301  AdrenalineEasyInstaller            6.3 MB
   136/301  Vita Hangman - Touhou Edition      2.1 MB
   137/301  Picoloop                           6.5 MB
   138/301  Chocolate Doom                     6.9 MB
   139/301  OpenMRac Vita                      6.9 MB
   140/301  fheroes2                           7.0 MB
   141/301  UX0 to SD CloneTool                7.1 MB
   142/301  Genki Vocab                        7.2 MB
   143/301  Galactic Federation                7.2 MB
   144/301  Abuse Vita                         7.2 MB
   145/301  PSP Homebrew Browser               7.6 MB
   146/301  nKaruga                            7.9 MB
   147/301  vitaWolfen                         1.1 MB
   148/301  Wonky Adventures                   7.9 MB
   149/301  Xash3D-FWGS                       50.7 MB
   150/301  Wasteland Kings                    8.4 MB
   151/301  Labyrinth 3D                       8.7 MB
   152/301  Roulette Strategy Simulator VI     9.0 MB
   153/301  RPPHS                              9.1 MB
   154/301  Freespace Collection               9.1 MB
   155/301  Potatoom 3                         9.1 MB
   156/301  SONIC THE HEDGEHOG RUN            10.0 MB
   157/301  Happy Blocks                      10.1 MB
   158/301  Will You Snail Vita               10.2 MB
   159/301  pFBA                              10.5 MB
   160/301  Wizard Wizard                     10.5 MB
   161/301  Resurgent                         10.8 MB
   162/301  Resurgent                         11.1 MB
   163/301  Zen and the Art of Transhumani    11.8 MB
   164/301  Loonies 8192                      12.1 MB
   165/301  Ship of Harkinian Vita            12.1 MB
   166/301  Sonic SMS 3 Timelines             12.3 MB
   167/301  Perfect Dark Vita                 12.3 MB
   168/301  Attack of the Lettuce Munching    13.1 MB
   169/301  Lynne                             13.7 MB
   170/301  PanComOS                          13.9 MB
   171/301  Vita First Sight                  14.0 MB
   172/301  Dropsy Vita                       14.4 MB
   173/301  Vita Milk                         15.0 MB
   174/301  Jinyong Legend                    15.4 MB
   175/301  Beginning of the end              15.8 MB
   176/301  De, shinde                        15.9 MB
   177/301  IdleMiner                         16.6 MB
   178/301  ZeldaNSQ                          18.1 MB
   179/301  Flappy Bird Vita                  18.4 MB
   180/301  Emu4Vita Arch                     18.6 MB
   181/301  Girls Are Weird Plus               0.9 MB
   182/301  Cubic Conundrum                   19.0 MB
   183/301  Starcatcher                       19.1 MB
   184/301  Shiromino                         20.0 MB
   185/301  Mobility                          20.2 MB
   186/301  Fire and Fondness - Enhanced E    20.3 MB
   187/301  SONIC VITA                        21.1 MB
   188/301  Flowit                            21.9 MB
   189/301  Super Crate Mod                   22.3 MB
   190/301  Tiny Crate Vita                   22.5 MB
   191/301  Cut the Rope Vita                 22.7 MB
   192/301  Smash TV HD-2D                    22.8 MB
   193/301  NextBot For PSVita                23.8 MB
   194/301  Tinycraft                         24.5 MB
   195/301  ZeldaROTH                         24.6 MB
   196/301  Behind Every Great One            24.7 MB
   197/301  Hyper Princess Pitch Vita         24.8 MB
   198/301  Protect the Earth                 24.9 MB
   199/301  A Maze Planet                     24.9 MB
   200/301  (Don't) Open Your Eyes            25.0 MB
   201/301  Mirror                            25.1 MB
   202/301  Cubik Adventure                   25.3 MB
   203/301  Jailbreaker Vita                  25.7 MB
   204/301  Temporary Space: Expanse          26.0 MB
   205/301  Chasing Dawn                      26.7 MB
   206/301  Roguelight                        26.7 MB
   207/301  JUMPJUMPJUMPSTART!!!              27.2 MB
   208/301  OceanPop                          27.5 MB
   209/301  Flick                             28.7 MB
   210/301  Vita Stacks                       28.9 MB
   211/301  Vita Timer                        29.0 MB
   212/301  Contrast                          29.1 MB
   213/301  Sword Journey                     29.3 MB
   214/301  El Pollo de Lapy                  29.5 MB
   215/301  Tetromino: Touhou Edition         29.9 MB
   216/301  OpenSeason                        30.0 MB
   217/301  Siren Head Dating Sim             30.3 MB
   218/301  vitaPDF                           30.7 MB
   219/301  G&W Octopus                       30.8 MB
   220/301  Duck Hunt Remake                  30.9 MB
   221/301  Crossy Road Clone                 31.0 MB
   222/301  Techmaniac THPG                   31.3 MB
   223/301  Snowball Fight                    31.9 MB
   224/301  Katawa Crash                      32.2 MB
   225/301  Psee Demo                         32.3 MB
   226/301  Fractal3D                         32.3 MB
   227/301  2PlayersPong                      32.5 MB
   228/301  Feather Park Vita                 32.6 MB
   229/301  2048-Vita                         32.6 MB
   230/301  Slendrina the Cellar              32.7 MB
   231/301  Jump Jump                         32.9 MB
   232/301  Echo Moth                         33.0 MB
   233/301  Bot-R                             33.6 MB
   234/301  Vita Reckoning                    34.4 MB
   235/301  CrossCraft SurvivalTest           34.4 MB
   236/301  Cup Critters                      34.4 MB
   237/301  El Pollo                          34.6 MB
   238/301  supra mayro kratt                 34.6 MB
   239/301  Everybody's Bubbles               34.7 MB
   240/301  MightyNo9                         34.8 MB
   241/301  RunFromReality                    34.9 MB
   242/301  Boxing Girl                       35.0 MB
   243/301  The World Ends With You Vita      35.1 MB
   244/301  Rubik's Cube Solver               35.1 MB
   245/301  Feline Future                     35.5 MB
   246/301  Silly Tower                       35.5 MB
   247/301  Pako Forever                      36.4 MB
   248/301  FryingMaster                      36.8 MB
   249/301  ERRE                              36.8 MB
   250/301  8BitBayonetta                     37.1 MB
   251/301  NanoSpeed Gamer                   37.2 MB
   252/301  Dome Romantik Vita                37.4 MB
   253/301  I WILL BE THERE                   37.7 MB
   254/301  MoodiWalkiSim                     37.8 MB
   255/301  Tic-Tac-Toe                       37.9 MB
   256/301  Ronister Adventure                38.1 MB
   257/301  Wild Gunman Remake                38.1 MB
   258/301  Overcome                          38.2 MB
   259/301  ANIMANCER                         38.5 MB
   260/301  La Deuda                          38.6 MB
   261/301  X-Racer                           38.7 MB
   262/301  Breath of Thunder                 39.0 MB
   263/301  Cartoon Combatt: Flying Circus    39.2 MB
   264/301  Guess It!                         40.1 MB
   265/301  OnePartyOneDungeon                40.6 MB
   266/301  X-Racer Vita                      40.8 MB
   267/301  BitBot Runners                    40.9 MB
   268/301  The Call                          41.0 MB
   269/301  Boris and the Dark Survival       41.1 MB
   270/301  Zombie Driver                     41.2 MB
   271/301  Red Moon of April                 41.5 MB
   272/301  Sculptor Vita                     41.6 MB
   273/301  Ancient Villa                     42.1 MB
   274/301  No More Dungeons!                 42.2 MB
   275/301  GRIDLOCKE                         42.3 MB
   276/301   Black Sails: Curse of the Dee    42.5 MB
   277/301  Fire and Fondness 2               42.5 MB
   278/301  Innyume                           42.6 MB
   279/301  BrickRace 1990                    42.6 MB
   280/301  Not Trust!                        43.1 MB
   281/301  V-Cube                            43.4 MB
   282/301  The Lost Catacomb                 43.7 MB
   283/301  The Orange Sunflower              43.7 MB
   284/301  Brico Laika                       43.8 MB
   285/301  BigBoyBoxing Vita                 44.1 MB
   286/301  An Untitled Story                 44.3 MB
   287/301  Deadly Hallows                    44.8 MB
   288/301  Backrooms                         44.9 MB
   289/301  Demons Down                       45.5 MB
   290/301  Pause                             46.0 MB
   291/301  StratagemHeroVita                 46.4 MB
   292/301  Naruto Boruto                     46.6 MB
   293/301  Let me Sleep                      47.1 MB
   294/301  Drone Sim Vita                    47.4 MB
   295/301  Get the F off my lawn             47.9 MB
   296/301  Florpix                           48.7 MB
   297/301  Red Runner                        49.0 MB
   298/301  Save The Scene                    49.0 MB
   299/301  How to Rob A Gas Station          49.3 MB
   300/301  Baldi's Basics Classic            49.5 MB
   301/301  Super Console Wars                49.7 MB
apps.json: 300 Eintraege umgestellt
---
gespiegelt: 300, fehlgeschlagen: 1
