nohup: Eingabe wird ignoriert
wayback: 309 Dateien, 1.02 GB

     1/309  FEHLER Vita Restart             HTTP Error 404: NOT FOUND
     2/309  Reboot Shortcut                    0.0 MB
     3/309  Shutdown Shortcut                  0.0 MB
     4/309  Crash Dump Delete                  0.0 MB
     5/309  VitaCID                            0.0 MB
     6/309  VitaRW                             0.0 MB
     7/309  button-swapper                     0.0 MB
     8/309  Vita Flappy Bird                   0.1 MB
     9/309  IMCUnlockLite                      0.1 MB
    10/309  Database Updater                   0.1 MB
    11/309  Henkaku Enso 3.60 Installer        0.1 MB
    12/309  qrdecoder                          0.1 MB
    13/309  memcardswap                        0.1 MB
    14/309  VITAident                          0.1 MB
    15/309  Vita Activator                     0.1 MB
    16/309  VITAPluginsManager                 0.1 MB
    17/309  VitaDL                             0.1 MB
    18/309  PSM Manager                        0.1 MB
    19/309  VitaFFT                            0.1 MB
    20/309  RegistryEditor                     0.1 MB
    21/309  VitaPad                            0.1 MB
    22/309  Dzzee                              0.1 MB
    23/309  FEHLER Whitelister              HTTP Error 404: NOT FOUND
    24/309  VitaPong                           0.1 MB
    25/309  CardUnlock                         0.1 MB
    26/309  Flash Light                        0.1 MB
    27/309  History Deleter                    0.1 MB
    28/309  Realboy                            0.1 MB
    29/309  HackInformer App                   0.1 MB
    30/309  PSVibe                             0.2 MB
    31/309  vitaAirHockey                      0.2 MB
    32/309  uriCaller                          0.2 MB
    33/309  VITA Net Check                     0.2 MB
    34/309  milieTetris                        0.2 MB
    35/309  Switch SD2Vita                     0.2 MB
    36/309  VITAident GUI                      0.2 MB
    37/309  PSV IDPS Dumper                    0.3 MB
    38/309  TextQuest                          0.3 MB
    39/309  Pickr VITA                         0.3 MB
    40/309  VitaScreenFlasher                  0.3 MB
    41/309  ReLink                             0.3 MB
    42/309  AdvRemap                           0.3 MB
    43/309  Game Shrinker                      0.4 MB
    44/309  GoHAN Parallel                     0.4 MB
    45/309  VitaBrot                           0.4 MB
    46/309  Henkaku Offline Installer          0.4 MB
    47/309  Chicken Launcher                   0.4 MB
    48/309  Media Importer                     0.4 MB
    49/309  AccountSwitcher                    0.4 MB
    50/309  NooDS                              0.4 MB
    51/309  VitaBatteryAlarm                   0.4 MB
    52/309  Minesweeper                        0.4 MB
    53/309  Plugins Manager                    0.5 MB
    54/309  FEHLER VPKMirror                HTTP Error 404: NOT FOUND
    55/309  vita-savemgr                       0.5 MB
    56/309  vita-bootanim                      0.5 MB
    57/309  AntiBlacklist                      0.5 MB
    58/309  Better Browser Downloader          0.5 MB
    59/309  OpenTitus                          0.5 MB
    60/309  Wordle SDL                         0.5 MB
    61/309  VitaTester                         0.6 MB
    62/309  Switchkaku                         0.6 MB
    63/309  Procedural Planets                 0.6 MB
    64/309  RetroLivearea                      0.7 MB
    65/309  MSweep                             0.7 MB
    66/309  Pong                               0.7 MB
    67/309  Candy Crisis Vita                  0.7 MB
    68/309  FadeToBlack                        0.7 MB
    69/309  Application Storage Manager        0.7 MB
    70/309  Minicraft Vita                     0.7 MB
    71/309  Another World Vita                 0.7 MB
    72/309  mGBA                               0.7 MB
    73/309  Sqrxz 4                            0.8 MB
    74/309  DoggyTwiceVT                       0.8 MB
    75/309  REminiscence Vita                  0.8 MB
    76/309  Anarch Vita                        0.8 MB
    77/309  VITAforecast                       0.9 MB
    78/309  Battery Indicator                  0.9 MB
    79/309  VitaToolbox                        0.9 MB
    80/309  Girls Are Weird                    0.9 MB
    81/309  Game of Life                       0.9 MB
    82/309  Terri-Fried                        0.9 MB
    83/309  Happy Land                         0.9 MB
    84/309  GoHAN                              0.9 MB
    85/309  K.E.T.M. Vita                      1.0 MB
    86/309  Xump                               1.0 MB
    87/309  Bermuda Vita                       1.0 MB
    88/309  OpenBOR                            1.0 MB
    89/309  ViTetris                           1.0 MB
    90/309  FruitY                             1.0 MB
    91/309  4Rows                              1.1 MB
    92/309  Abbaye Des Morts Vita              1.1 MB
    93/309  HCL-Vita                           1.1 MB
    94/309  Theme Manager EX                   1.1 MB
    95/309  Vitaman                            1.2 MB
    96/309  Zik-Zak Vita                       1.2 MB
    97/309  PlumbersDontWearTies-SDL-vita      1.2 MB
    98/309  Wipeout Rewrite Vita               1.2 MB
    99/309  Devil May Cry 4 Refrain Vita       1.2 MB
   100/309  Vita Backup                        1.2 MB
   101/309  CrossCraft Classic                 1.2 MB
   102/309  vita-smb-client                    1.3 MB
   103/309  JetMan-3D                          1.3 MB
   104/309  RejuveSnake                        1.3 MB
   105/309  Hermes                             1.3 MB
   106/309  Notepad++ (VE)                     1.4 MB
   107/309  CATSFC-libretro-vita               1.4 MB
   108/309  meritous                           1.4 MB
   109/309  bstone-vita                        1.4 MB
   110/309  Vita Calculator                    1.4 MB
   111/309  Neverputt Vita                     1.4 MB
   112/309  BreakVeetOut                       1.5 MB
   113/309  Professor Layton: Pandora's Bo     1.5 MB
   114/309  Mighty Mike Vita                   1.5 MB
   115/309  Super Mario World Vita             1.5 MB
   116/309  jftekwar-vita                      1.5 MB
   117/309  Moon Whitelister                   1.6 MB
   118/309  TrainsLIVE - London                1.6 MB
   119/309  VitaSudoku                         1.6 MB
   120/309  vitaExhumed                        1.6 MB
   121/309  ReversMe                           1.6 MB
   122/309  Simple Text Editor                 1.6 MB
   123/309  Nanosaur Vita                      1.6 MB
   124/309  SpiderVita                         1.6 MB
   125/309  Flppy Bird                         1.7 MB
   126/309  luaIrc                             1.7 MB
   127/309  StemLoader                         1.7 MB
   128/309  UniPCemu                           1.7 MB
   129/309  vitaXash3D                         1.7 MB
   130/309  Lua Game Of Life                   1.7 MB
   131/309  OttoMatic Vita                     1.7 MB
   132/309  Vita Hardware Test                 1.7 MB
   133/309  SystemCheckEnabled                 1.8 MB
   134/309  Billy Frontier Vita                1.8 MB
   135/309  Nanosaur 2 Vita                    1.8 MB
   136/309  VanillaTD                          1.8 MB
   137/309  Dstroy Vita                        1.8 MB
   138/309  DeSmuME-Vita                       1.8 MB
   139/309  Tema                               1.8 MB
   140/309  Cro-Mag Rally Vita                 1.8 MB
   141/309  Doom64EX                           1.9 MB
   142/309  Prototype Vita                     1.9 MB
   143/309  FTPlaystation                      1.9 MB
   144/309  Hurrican                           1.9 MB
   145/309  Beat2x Vita                        1.9 MB
   146/309  Zelda3 Vita                        1.9 MB
   147/309  EDuke32 Vita                       1.9 MB
   148/309  Hendoku                            1.9 MB
   149/309  DeathRun To Vita                   1.9 MB
   150/309  Doom II RPG Vita                   1.9 MB
   151/309  FEHLER Switch to PSTV           HTTP Error 404: NOT FOUND
   152/309  VitaBooks                          2.0 MB
   153/309  FEHLER VitaGraphs               HTTP Error 404: NOT FOUND
   154/309  Quakespasm-Spiked                  2.0 MB
   155/309  FEHLER sdlpal                   HTTP Error 404: NOT FOUND
   156/309  NRedneck Vita                      2.1 MB
   157/309  VanillaRA                          2.1 MB
   158/309  Dethrace Vita                      2.1 MB
   159/309  Unreal Vita                        2.1 MB
   160/309  SwitchView UI                      2.1 MB
   161/309  VitaHangman                        2.1 MB
   162/309  Voice Recorder Vita                2.2 MB
   163/309  vitaQuake                          2.2 MB
   164/309  Postal Vita                        2.2 MB
   165/309  vita-chain                         2.2 MB
   166/309  Database Manager                   2.2 MB
   167/309  Vita Object Loader                 2.2 MB
   168/309  FEHLER SuperMarioWar            HTTP Error 404: NOT FOUND
   169/309  Cave Story Vita                    2.3 MB
   170/309  Vita Media Center                  2.3 MB
   171/309  vita-webdav-client                 2.3 MB
   172/309  FEHLER MicroCHIP                HTTP Error 404: NOT FOUND
   173/309  ElevenMPV                          2.3 MB
   174/309  VitaGrafix Configurator            2.3 MB
   175/309  EUCLIOD                            2.3 MB
   176/309  Dolmexica Infinite                 2.3 MB
   177/309  PiCrest                            2.4 MB
   178/309  vita-ftp-client                    2.4 MB
   179/309  PKGInstaller Launcher              2.5 MB
   180/309  Real Waiting Simulator             2.5 MB
   181/309  Tactic Miner                       2.5 MB
   182/309  PC Link                            2.5 MB
   183/309  Vitamon GO                         2.5 MB
   184/309  rinCheat SE                        2.5 MB
   185/309  luaVitaSeccy                       2.5 MB
   186/309  Bit Clicker                        2.5 MB
   187/309  Easy Plugin                        2.5 MB
   188/309  VitaCord                           2.6 MB
   189/309  jfduke3d-vita                      2.7 MB
   190/309  Onslaught Arena                    2.7 MB
   191/309  RTDink                             2.7 MB
   192/309  LOVE                               2.7 MB
   193/309  FrozenEngine                       2.7 MB
   194/309  Pro Camera Vita                    2.7 MB
   195/309  vitaVoyager                        2.7 MB
   196/309  Fran Bow - Chapter Two             2.8 MB
   197/309  ViTanks                            2.8 MB
   198/309  Vita Sample Avplayer               2.8 MB
   199/309  Please, Don't Touch Anything       2.8 MB
   200/309  FEHLER Fran Bow - Chapter One   HTTP Error 404: NOT FOUND
   201/309  Fran Bow - Chapter Three           2.9 MB
   202/309  BoggleVita                         2.9 MB
   203/309  Asteroids                          2.9 MB
   204/309  T-Rex                              2.9 MB
   205/309  VitaShell Theme Manager            3.0 MB
   206/309  Custom Themes Manager              3.0 MB
   207/309  Crazy Traffic Jam 3D               3.0 MB
   208/309  Fate/Stay Night [Realta Nua] -     3.0 MB
   209/309  Flood It!                          3.0 MB
   210/309  vitaHexenII                        3.0 MB
   211/309  AGWOAN                             3.1 MB
   212/309  jfsw-vita                          3.2 MB
   213/309  Nazi Zombies Portable              3.2 MB
   214/309  vita-tetromino                     3.2 MB
   215/309  RigelEngine Vita                   3.3 MB
   216/309  Treasure Chasers                   3.3 MB
   217/309  StarKiller 2D                      3.3 MB
   218/309  AvP Gold                           3.3 MB
   219/309  Flare RPG                          3.4 MB
   220/309  Yardlings Vita                     3.5 MB
   221/309  The Curse of Issyos                3.6 MB
   222/309  Cookie Clicker                     3.6 MB
   223/309  FEHLER GNU Robbo                HTTP Error 404: NOT FOUND
   224/309  Minit                              3.9 MB
   225/309  OpenSyobon                         4.0 MB
   226/309  EasyRPG Player                     4.0 MB
   227/309  vitaRTCW                           4.0 MB
   228/309  Manga Downloader                   4.1 MB
   229/309  Freeway Mutant                     4.1 MB
   230/309  MaiDumpTool                        4.1 MB
   231/309  Grave                              4.2 MB
   232/309  Shark! Shark!                      4.2 MB
   233/309  ufoai-vita                         4.2 MB
   234/309  TheXTech                           4.3 MB
   235/309  Epicki Twój Stary                  4.3 MB
   236/309  MarmaladeBoy_LCD                   4.3 MB
   237/309  Eldritch Vita                      4.3 MB
   238/309  MVPlayer                           4.3 MB
   239/309  ONScripter-Vita                    4.4 MB
   240/309  vitaQuakeIII                       4.4 MB
   241/309  Temporary Space                    4.5 MB
   242/309  Flycast Vita                       4.6 MB
   243/309  Pocket Wonder Sport                4.9 MB
   244/309  Higurashi Vita                     4.9 MB
   245/309  Late Shift Vita                    5.0 MB
   246/309  ZeldaOLB                           5.0 MB
   247/309  PNGLive                            5.0 MB
   248/309  Hideko Vita                        5.0 MB
   249/309  Vita Launcher                      5.0 MB
   250/309  Clonage Bulle ePSP                 5.1 MB
   251/309  REDRIVER2                          5.2 MB
   252/309  Freegemas                          5.3 MB
   253/309  chro.mono 2                        5.3 MB
   254/309  vitaQuakeII                        5.4 MB
   255/309  vOpenTyrian                        5.5 MB
   256/309  Bernard Chronicles                 5.7 MB
   257/309  Crab Island                        5.8 MB
   258/309  Starfield Vita                     5.8 MB
   259/309  Zombiebound                        5.8 MB
   260/309  BlockOut II                        5.8 MB
   261/309  Prince Of Persia                   5.9 MB
   262/309  King of Machines                   6.0 MB
   263/309  FEHLER Super Hero Chronicles    HTTP Error 404: NOT FOUND
   264/309  AdrenalineEasyInstaller            6.3 MB
   265/309  Vita Hangman - Touhou Edition      6.4 MB
   266/309  Picoloop                           6.5 MB
   267/309  Chocolate Doom                     6.9 MB
   268/309  OpenMRac Vita                      6.9 MB
   269/309  fheroes2                           7.0 MB
   270/309  UX0 to SD CloneTool                7.1 MB
   271/309  Genki Vocab                        7.2 MB
   272/309  FEHLER Galactic Federation      HTTP Error 404: NOT FOUND
   273/309  Xash3D-FWGS                        8.4 MB
   274/309  PSP Homebrew Browser               7.6 MB
   275/309  nKaruga                            7.9 MB
   276/309  FEHLER Wonky Adventures          error uploading 691-wonkeyadventures.vpk to vitad
   277/309  FEHLER Wasteland Kings           error uploading 409-WastelandKings.vpk to vitadbt
   278/309  FEHLER Labyrinth 3D              error uploading 198-Labyrinth_3D.vpk to vitadbtoo
   279/309  FEHLER Roulette Strategy Simula  error uploading 1137-RSimVita.vpk to vitadbtoo-mi
   280/309  FEHLER RPPHS                     error uploading 399-RPPHS.vpk to vitadbtoo-mirror
   281/309  FEHLER Freespace Collection      error uploading 1110-freespace.vpk to vitadbtoo-m
   282/309  FEHLER Potatoom 3                error uploading 1052-dhewm3.vpk to vitadbtoo-mirr
   283/309  FEHLER SONIC THE HEDGEHOG RUN    error uploading 1195-sonic_run.vpk to vitadbtoo-m
   284/309  FEHLER Happy Blocks              error uploading 692-happyblocks.vpk to vitadbtoo-
   285/309  FEHLER Will You Snail Vita       error uploading 1216-WSNL00001.vpk to vitadbtoo-m
   286/309  FEHLER pFBA                      error uploading 20-pfba.vpk to vitadbtoo-mirror, 
   287/309  FEHLER Wizard Wizard             error uploading 408-WizardWizard.vpk to vitadbtoo
   288/309  FEHLER Resurgent                 error uploading 723-Resurgent_fr.vpk to vitadbtoo
   289/309  FEHLER Resurgent                 error uploading 718-Resurgent.vpk to vitadbtoo-mi
   290/309  FEHLER Zen and the Art of Trans  error uploading 631-Zen_Art_Transhumanism.vpk to 
   291/309  FEHLER Loonies 8192              error uploading 704-loonies8192.vpk to vitadbtoo-
   292/309  FEHLER Ship of Harkinian Vita    error uploading 1276-soh.vpk to vitadbtoo-mirror,
   293/309  FEHLER Sonic SMS 3 Timelines     error uploading 1102-SOSR00003.vpk to vitadbtoo-m
   294/309  FEHLER Attack of the Lettuce Mu  error uploading 564-Caterpillars.vpk to vitadbtoo
   295/309  FEHLER Lynne                     error uploading 862-Linne.vpk to vitadbtoo-mirror
   296/309  FEHLER PanComOS                  error uploading 637-PanComOS.vpk to vitadbtoo-mir
   297/309  FEHLER Vita First Sight          error uploading 833-Vita_First_Sight.vpk to vitad
   298/309  FEHLER Dropsy Vita               error uploading 1287-DropsyVITA.vpk to vitadbtoo-
   299/309  FEHLER Vita Milk                 error uploading 790-Vita_Milk.vpk to vitadbtoo-mi
   300/309  FEHLER Jinyong Legend           (ProtocolError('Connection aborted.', TimeoutError
   301/309  FEHLER Beginning of the end      error uploading 755-Beginning_of_the_end.vpk to v
